111this is a test
